[backblue.gif]
[fade.gif]
[index.html]
[www.half-life.com/en/index.html]
[www.half-life.com/en/home/index.html]
[www.half-life.com/index.html]
[www.half-life.com/apple-touch-icon.png]
[cdn.akamai.steamstatic.com/half-life.com/images/favicon-32x32.png]
[cdn.akamai.steamstatic.com/half-life.com/images/favicon-16x16.png]
[www.half-life.com/favicon.ico]
[www.half-life.com/public/css/globaldf06.css]
[www.half-life.com/public/css/fonts7a4c.css]
[www.half-life.com/public/css/alyx847f.css]
[www.half-life.com/public/css/homef1e7.css]
[www.half-life.com/en/public/javascript/jquery-3.4.1.min3b3b.js]
[www.half-life.com/en/public/javascript/halflifecom6bc7.js]
[www.google.com/recaptcha/api.js]
[www.half-life.com/en/home.html]
[www.half-life.com/en/halflife.html]
[www.half-life.com/en/halflife2.html]
[www.half-life.com/en/episode1.html]
[www.half-life.com/en/episode2.html]
[www.half-life.com/en/alyx.html]
[cdn.akamai.steamstatic.com/half-life.com/images/alyx/alyx_logo_a.png]
[cdn.akamai.steamstatic.com/half-life.com/images/alyx/alyx_logo_l.png]
[cdn.akamai.steamstatic.com/half-life.com/images/alyx/alyx_logo_y.png]
[cdn.akamai.steamstatic.com/half-life.com/images/alyx/alyx_logo_x.png]
[cdn.akamai.steamstatic.com/half-life.com/images/home/home_feature.jpg]
[www.half-life.com/en/halflife25.html]
[cdn.akamai.steamstatic.com/half-life.com/images/halflife/halflife_coverart.jpg]
[cdn.akamai.steamstatic.com/half-life.com/images/halflife2/halflife2_coverart.jpg]
[cdn.akamai.steamstatic.com/half-life.com/images/episode1/episode1_coverart.jpg]
[cdn.akamai.steamstatic.com/half-life.com/images/episode2/episode2_coverart.jpg]
[www.half-life.com/en/home/index.html]
[www.half-life.com/safari-pinned-tab.svg]
[cdn.akamai.steamstatic.com/half-life.com/images/merchbanner_mobile.jpg]
[cdn.akamai.steamstatic.com/half-life.com/images/merchbanner.jpg]
[cdn.akamai.steamstatic.com/half-life.com/images/halflife25/gordon.png]
[cdn.akamai.steamstatic.com/half-life.com/images/halflife25/anniversarybackground.jpg]
[www.half-life.com/public/css/globaldf06.css]
[www.half-life.com/public/css/fonts/apercu-light.WOFF]
[www.half-life.com/public/css/fonts/apercu-medium.WOFF]
[www.half-life.com/public/css/fonts/CircularStd-Black.WOFF]
[www.half-life.com/public/css/fonts/CircularStd-Book.WOFF]
[www.half-life.com/public/css/fonts/DINPro-Black.WOFF]
[www.half-life.com/public/css/fonts/DINPro-BlackItalic.WOFF]
[www.half-life.com/public/css/fonts/DINPro-Bold.WOFF]
[www.half-life.com/public/css/fonts/DINPro-Light.WOFF]
[www.half-life.com/public/css/fonts/DINPro-LightItalic.WOFF]
[www.half-life.com/public/css/fonts/MinionPro-Regular.WOFF]
[www.half-life.com/public/css/fonts7a4c.css]
[cdn.akamai.steamstatic.com/half-life.com/images/alyx/parallax/alyx_parallax_1.jpg]
[cdn.akamai.steamstatic.com/half-life.com/images/alyx/parallax/alyx_parallax_2_small.png]
[cdn.akamai.steamstatic.com/half-life.com/images/alyx/parallax/alyx_parallax_3_small.png]
[cdn.akamai.steamstatic.com/half-life.com/images/alyx/parallax/alyx_parallax_4_small.png]
[cdn.akamai.steamstatic.com/half-life.com/images/alyx/parallax/alyx_parallax_5.png]
[cdn.akamai.steamstatic.com/half-life.com/images/alyx/index_controller.jpg]
[cdn.akamai.steamstatic.com/half-life.com/images/alyx/vr/vr_diagram_roomscale.png]
[cdn.akamai.steamstatic.com/half-life.com/images/alyx/vr/vr_diagram_sitting-standing.png]
[cdn.akamai.steamstatic.com/half-life.com/images/alyx/vr/vr_diagram_teleport.png]
[cdn.akamai.steamstatic.com/half-life.com/images/alyx/vr/vr_diagram_shift.png]
[cdn.akamai.steamstatic.com/half-life.com/images/alyx/vr/vr_diagram_continuous.png]
[cdn.akamai.steamstatic.com/half-life.com/images/alyx/vr/vr_diagram_finger-tracking.png]
[cdn.akamai.steamstatic.com/half-life.com/images/alyx/vr/vr_diagram_trigger-based.png]
[www.half-life.com/public/css/alyx847f.css]
[www.half-life.com/public/css/homef1e7.css]
[www.half-life.com/en/home.html]
[cdn.akamai.steamstatic.com/half-life.com/images/halflife/halflife_meta_image.jpg]
[www.half-life.com/public/css/game3d62.css]
[www.half-life.com/en/public/javascript/gameb8df.js]
[cdn.akamai.steamstatic.com/half-life.com/images/halflife/halflife_3.jpg]
[cdn.akamai.steamstatic.com/half-life.com/images/halflife/halflife_4.jpg]
[cdn.akamai.steamstatic.com/half-life.com/images/halflife/halflife_1.jpg]
[cdn.akamai.steamstatic.com/half-life.com/images/halflife/halflife_2.jpg]
[www.half-life.com/en/halflife.html]
[cdn.akamai.steamstatic.com/half-life.com/images/halflife2/halflife2_meta_image.jpg]
[cdn.akamai.steamstatic.com/half-life.com/images/halflife2/halflife2_1.jpg]
[cdn.akamai.steamstatic.com/half-life.com/images/halflife2/halflife2_2.jpg]
[cdn.akamai.steamstatic.com/half-life.com/images/halflife2/halflife2_3.jpg]
[cdn.akamai.steamstatic.com/half-life.com/images/halflife2/halflife2_4.jpg]
[www.half-life.com/en/halflife2.html]
[cdn.akamai.steamstatic.com/half-life.com/images/episode1/episode1_meta_image.jpg]
[cdn.akamai.steamstatic.com/half-life.com/images/episode1/episode1_2.jpg]
[cdn.akamai.steamstatic.com/half-life.com/images/episode1/episode1_4.jpg]
[www.half-life.com/en/episode1.html]
[cdn.akamai.steamstatic.com/half-life.com/images/episode2/episode2_meta_image.jpg]
[cdn.akamai.steamstatic.com/half-life.com/images/episode2/episode2_1.jpg]
[cdn.akamai.steamstatic.com/half-life.com/images/episode2/episode2_2.jpg]
[www.half-life.com/en/episode2.html]
[cdn.akamai.steamstatic.com/half-life.com/images/alyx/alyx_meta_image.jpg]
[www.half-life.com/public/css/jquery.fancybox.min8905.css]
[www.half-life.com/public/css/slick2485.css]
[www.half-life.com/en/public/javascript/alyxf6b2.js]
[www.half-life.com/en/public/javascript/jquery.fancybox.min78f1.js]
[www.half-life.com/en/public/javascript/slick.min0cd1.js]
[cdn.akamai.steamstatic.com/half-life.com/images/alyx/alyx_feature2.jpg]
[cdn.akamai.steamstatic.com/half-life.com/images/alyx/alyx_posterframe.jpg]
[cdn.akamai.steamstatic.com/half-life.com/images/alyx/trailer1-thumb.jpg]
[cdn.akamai.steamstatic.com/half-life.com/images/alyx/trailer1-thumb-mobile.jpg]
[cdn.akamai.steamstatic.com/half-life.com/images/alyx/trailer2-thumb.jpg]
[cdn.akamai.steamstatic.com/half-life.com/images/alyx/trailer2-thumb-mobile.jpg]
[cdn.akamai.steamstatic.com/half-life.com/images/alyx/trailer3-thumb.jpg]
[cdn.akamai.steamstatic.com/half-life.com/images/alyx/trailer3-thumb-mobile.jpg]
[cdn.akamai.steamstatic.com/half-life.com/images/alyx/screens/halflife_alyx_11.jpg]
[cdn.akamai.steamstatic.com/half-life.com/images/alyx/halflife_alyx_11a.jpg]
[cdn.akamai.steamstatic.com/half-life.com/images/alyx/screens/halflife_alyx_10.jpg]
[cdn.akamai.steamstatic.com/half-life.com/images/alyx/halflife_alyx_10.jpg]
[cdn.akamai.steamstatic.com/half-life.com/images/alyx/screens/halflife_alyx_3.jpg]
[cdn.akamai.steamstatic.com/half-life.com/images/alyx/halflife_alyx_3.jpg]
[cdn.akamai.steamstatic.com/half-life.com/images/alyx/screens/halflife_alyx_2.jpg]
[cdn.akamai.steamstatic.com/half-life.com/images/alyx/halflife_alyx_2.jpg]
[cdn.akamai.steamstatic.com/half-life.com/images/alyx/screens/halflife_alyx_1.jpg]
[cdn.akamai.steamstatic.com/half-life.com/images/alyx/halflife_alyx_1.jpg]
[cdn.akamai.steamstatic.com/half-life.com/images/alyx/screens/halflife_alyx_12.jpg]
[cdn.akamai.steamstatic.com/half-life.com/images/alyx/halflife_alyx_12.jpg]
[cdn.akamai.steamstatic.com/half-life.com/images/alyx/screens/halflife_alyx_4.jpg]
[cdn.akamai.steamstatic.com/half-life.com/images/alyx/halflife_alyx_4.jpg]
[cdn.akamai.steamstatic.com/half-life.com/images/alyx/screens/halflife_alyx_8.jpg]
[cdn.akamai.steamstatic.com/half-life.com/images/alyx/halflife_alyx_8.jpg]
[cdn.akamai.steamstatic.com/half-life.com/images/alyx/screens/halflife_alyx_5.jpg]
[cdn.akamai.steamstatic.com/half-life.com/images/alyx/halflife_alyx_5.jpg]
[cdn.akamai.steamstatic.com/half-life.com/images/alyx/screens/halflife_alyx_0.jpg]
[cdn.akamai.steamstatic.com/half-life.com/images/alyx/halflife_alyx_0.jpg]
[www.half-life.com/en/alyx/vr.html]
[cdn.akamai.steamstatic.com/half-life.com/images/alyx/screens/halflife_alyx_6.jpg]
[cdn.akamai.steamstatic.com/half-life.com/images/alyx/halflife_alyx_6.jpg]
[cdn.akamai.steamstatic.com/half-life.com/images/alyx/screens/halflife_alyx_7.jpg]
[cdn.akamai.steamstatic.com/half-life.com/images/alyx/halflife_alyx_7.jpg]
[cdn.akamai.steamstatic.com/half-life.com/images/alyx/screens/halflife_alyx_9.jpg]
[cdn.akamai.steamstatic.com/half-life.com/images/alyx/halflife_alyx_9.jpg]
[cdn.akamai.steamstatic.com/half-life.com/images/alyx/screens/halflife_alyx_g.jpg]
[cdn.akamai.steamstatic.com/half-life.com/images/alyx/halflife_alyx_g.jpg]
[cdn.akamai.steamstatic.com/half-life.com/images/alyx/vr/vr_logo_valve-index.png]
[cdn.akamai.steamstatic.com/half-life.com/images/alyx/vr/vr_logo_htc-vive.png]
[cdn.akamai.steamstatic.com/half-life.com/images/alyx/vr/vr_logo_oculus.png]
[cdn.akamai.steamstatic.com/half-life.com/images/alyx/vr/vr_logo_windows-mr.png]
[cdn.akamai.steamstatic.com/half-life.com/images/alyx/hammer_editor.jpg]
[cdn.akamai.steamstatic.com/half-life.com/images/alyx/alyx_soundtrack.jpg]
[www.half-life.com/en/music.html]
[cdn.akamai.steamstatic.com/half-life.com/images/alyx/halflife_alyx_wallpaper.jpg]
[cdn.akamai.steamstatic.com/half-life.com/images/alyx/alyx_concept.jpg]
[cdn.akamai.steamstatic.com/half-life.com/images/alyx/alyx_coverart5e1f.jpg]
[www.half-life.com/en/alyx.html]
[cdn.akamai.steamstatic.com/half-life.com/images/halflife25/t_HLwallpaper01_16x9.jpg]
[www.half-life.com/public/css/flickityc81f.css]
[www.half-life.com/public/css/lightbox7512.css]
[www.half-life.com/public/css/halflife253e79.css]
[www.half-life.com/en/public/javascript/flickity.minff53.js]
[www.half-life.com/en/public/javascript/lightbox.minaa6b.js]
[www.half-life.com/en/public/javascript/halflife25106e.js]
[code.jquery.com/jquery-3.6.4.min.js]
[cdn.akamai.steamstatic.com/half-life.com/images/halflife25/hlposter.png]
[cdn.akamai.steamstatic.com/half-life.com/images/halflife25/logostrip.png]
[cdn.akamai.steamstatic.com/half-life.com/images/halflife25/gordon-bg.png]
[cdn.akamai.steamstatic.com/half-life.com/images/halflife25/laurel.png]
[cdn.akamai.steamstatic.com/half-life.com/images/halflife25/hl1_anniversary_mashup_looping_lossless_VP9.jpg]
[cdn.akamai.steamstatic.com/half-life.com/images/halflife25/headcrab.png]
[cdn.akamai.steamstatic.com/half-life.com/images/halflife25/decayconstant.png]
[cdn.akamai.steamstatic.com/half-life.com/images/halflife25/zombie.png]
[cdn.akamai.steamstatic.com/half-life.com/images/halflife25/zombie_dead.png]
[cdn.akamai.steamstatic.com/half-life.com/images/halflife25/scientist.png]
[cdn.akamai.steamstatic.com/half-life.com/images/halflife25/uplink_1.jpg]
[cdn.akamai.steamstatic.com/half-life.com/images/halflife25/uplink_1thumb.jpg]
[cdn.akamai.steamstatic.com/half-life.com/images/halflife25/uplink_2.jpg]
[cdn.akamai.steamstatic.com/half-life.com/images/halflife25/uplink_2thumb.jpg]
[cdn.akamai.steamstatic.com/half-life.com/images/halflife25/map_contamination.jpg]
[cdn.akamai.steamstatic.com/half-life.com/images/halflife25/map_contamination_thumb.jpg]
[cdn.akamai.steamstatic.com/half-life.com/images/halflife25/map_pool_party.jpg]
[cdn.akamai.steamstatic.com/half-life.com/images/halflife25/map_pool_party_thumb.jpg]
[cdn.akamai.steamstatic.com/half-life.com/images/halflife25/map_disposal.jpg]
[cdn.akamai.steamstatic.com/half-life.com/images/halflife25/map_disposal_thumb.jpg]
[cdn.akamai.steamstatic.com/half-life.com/images/halflife25/map_rocket_frenzy.jpg]
[cdn.akamai.steamstatic.com/half-life.com/images/halflife25/map_rocket_frenzy_thumb.jpg]
[cdn.akamai.steamstatic.com/half-life.com/images/halflife25/loader.png]
[cdn.akamai.steamstatic.com/half-life.com/images/halflife25/deck.jpg]
[cdn.akamai.steamstatic.com/half-life.com/images/halflife25/hud_scale_before.jpg]
[cdn.akamai.steamstatic.com/half-life.com/images/halflife25/hud_scale_before_thumb.jpg]
[cdn.akamai.steamstatic.com/half-life.com/images/halflife25/hud_scale_after.jpg]
[cdn.akamai.steamstatic.com/half-life.com/images/halflife25/hud_scale_after_thumb.jpg]
[cdn.akamai.steamstatic.com/half-life.com/images/halflife25/icky.png]
[cdn.akamai.steamstatic.com/half-life.com/images/halflife25/mainmenu.jpg]
[cdn.akamai.steamstatic.com/half-life.com/images/halflife25/valve_guy.jpg]
[cdn.akamai.steamstatic.com/half-life.com/images/halflife25/ivan_and_bbbbarney.jpg]
[cdn.akamai.steamstatic.com/half-life.com/images/halflife25/ivan_and_bbbbarney_thumb.jpg]
[cdn.akamai.steamstatic.com/half-life.com/images/halflife25/hound.png]
[cdn.akamai.steamstatic.com/half-life.com/images/halflife25/further_data_map_1.jpg]
[cdn.akamai.steamstatic.com/half-life.com/images/halflife25/further_data_map_1_thumb.jpg]
[cdn.akamai.steamstatic.com/half-life.com/images/halflife25/further_data_map_2.jpg]
[cdn.akamai.steamstatic.com/half-life.com/images/halflife25/further_data_map_2_thumb.jpg]
[cdn.akamai.steamstatic.com/half-life.com/images/halflife25/further_data_map_3.jpg]
[cdn.akamai.steamstatic.com/half-life.com/images/halflife25/further_data_map_3_thumb.jpg]
[cdn.akamai.steamstatic.com/half-life.com/images/halflife25/further_data_player_models.jpg]
[cdn.akamai.steamstatic.com/half-life.com/images/halflife25/further_data_player_models_thumb.jpg]
[cdn.akamai.steamstatic.com/half-life.com/images/halflife25/sprays.png]
[cdn.akamai.steamstatic.com/half-life.com/images/halflife25/HLwallpaper05_16x9.jpg]
[cdn.akamai.steamstatic.com/half-life.com/images/halflife25/t_HLwallpaper05_16x9.jpg]
[cdn.akamai.steamstatic.com/half-life.com/images/halflife25/HLwallpaper01_16x9.jpg]
[cdn.akamai.steamstatic.com/half-life.com/images/halflife25/HLwallpaper02_16x9.jpg]
[cdn.akamai.steamstatic.com/half-life.com/images/halflife25/t_HLwallpaper02_16x9.jpg]
[cdn.akamai.steamstatic.com/half-life.com/images/halflife25/HLwallpaper03_16x9.jpg]
[cdn.akamai.steamstatic.com/half-life.com/images/halflife25/t_HLwallpaper03_16x9.jpg]
[cdn.akamai.steamstatic.com/half-life.com/images/halflife25/HLwallpaper04_16x9.jpg]
[cdn.akamai.steamstatic.com/half-life.com/images/halflife25/t_HLwallpaper04_16x9.jpg]
[cdn.akamai.steamstatic.com/half-life.com/images/halflife25/HLphone01_18x9.jpg]
[cdn.akamai.steamstatic.com/half-life.com/images/halflife25/t_HLphone01_18x9.jpg]
[cdn.akamai.steamstatic.com/half-life.com/images/halflife25/HLphone02_18x9.jpg]
[cdn.akamai.steamstatic.com/half-life.com/images/halflife25/t_HLphone02_18x9.jpg]
[cdn.akamai.steamstatic.com/half-life.com/images/halflife25/HLphone03_18x9.jpg]
[cdn.akamai.steamstatic.com/half-life.com/images/halflife25/t_HLphone03_18x9.jpg]
[cdn.akamai.steamstatic.com/half-life.com/images/halflife25/headcrab_dead.png]
[www.half-life.com/en/halflife25.html]
[cdn.akamai.steamstatic.com/half-life.com/images/halflife25/decayconstant_end.png]
[www.half-life.com/public/css/game3d62.css]
[www.half-life.com/public/css/jquery.fancybox.min8905.css]
[www.half-life.com/public/css/slick2485.css]
[cdn.akamai.steamstatic.com/half-life.com/images/alyx/vr/alyx_vr_roomscale.jpg]
[cdn.akamai.steamstatic.com/half-life.com/images/alyx/vr/vr_valveindex_headset.jpg]
[cdn.akamai.steamstatic.com/half-life.com/images/alyx/vr/vr_htcvive.jpg]
[cdn.akamai.steamstatic.com/half-life.com/images/alyx/vr/vr_oculusrift.jpg]
[cdn.akamai.steamstatic.com/half-life.com/images/alyx/vr/vr_windowsmr2.jpg]
[cdn.akamai.steamstatic.com/half-life.com/images/alyx/vr/vr_oculusquest-link.jpg]
[www.half-life.com/en/alyx/vr.html]
[cdn.akamai.steamstatic.com/half-life.com/images/music/music_alyx_large.jpg]
[cdn.akamai.steamstatic.com/half-life.com/images/music/music_hl1.jpg]
[cdn.akamai.steamstatic.com/half-life.com/images/music/music_hl2.jpg]
[cdn.akamai.steamstatic.com/half-life.com/images/music/music_ep1.jpg]
[cdn.akamai.steamstatic.com/half-life.com/images/music/music_ep2.jpg]
[www.half-life.com/en/music.html]
[www.half-life.com/public/css/flickityc81f.css]
[cdn.akamai.steamstatic.com/half-life.com/images/halflife25/loading.gif]
[cdn.akamai.steamstatic.com/half-life.com/images/halflife25/prev.png]
[cdn.akamai.steamstatic.com/half-life.com/images/halflife25/next.png]
[cdn.akamai.steamstatic.com/half-life.com/images/halflife25/close.png]
[www.half-life.com/public/css/lightbox7512.css]
[cdn.akamai.steamstatic.com/half-life.com/images/halflife25/lambda.png]
[cdn.akamai.steamstatic.com/half-life.com/images/halflife25/verified.png]
[cdn.akamai.steamstatic.com/half-life.com/images/halflife25/crt-texture.jpg]
[cdn.akamai.steamstatic.com/half-life.com/images/halflife25/top_blotch.png]
[cdn.akamai.steamstatic.com/half-life.com/images/halflife25/fungus_small.png]
[cdn.akamai.steamstatic.com/half-life.com/images/halflife25/grungy_mask_2.png]
[cdn.akamai.steamstatic.com/half-life.com/images/halflife25/grungy_color.jpg]
[cdn.akamai.steamstatic.com/half-life.com/images/halflife25/grungy_loop.png]
[cdn.akamai.steamstatic.com/half-life.com/images/halflife25/crowbar.png]
[cdn.akamai.steamstatic.com/half-life.com/images/halflife25/achievementicon.jpg]
[www.half-life.com/public/css/halflife253e79.css]
